ℹ Check run path: test-input/run_sample_warning_score_not_num.txt
✓ Run path is valid.
ℹ Check run file format.
	✗ Non-numeric scores at lines: 5 
✗ Run file format is invalid: 1 errors


####
files: []
