ℹ Check run path: test-input/run_sample_valid.txt
✓ Run path is valid.
ℹ Check run file format.
✓ Run file format is valid.
ℹ Load run with ir-measures.
✓ Run successfully loaded.
ℹ Check topics path: test-input/topics_sample_valid.jsonl
✓ Topics path is valid.
ℹ Load topics.
✓ Topics successfully loaded.
ℹ Parse measures: P@2, nDCG@2
✓ Measures successfully parsed.
ℹ Check output path: test-output
✓ Output path is valid.
✗ Consistency check without qrels file is not allowed.


####
files: []
