ℹ Check run path: test-input/run_sample_valid.txt
✓ Run path is valid.
ℹ Check run file format.
✓ Run file format is valid.
ℹ Load run with ir-measures.
✓ Run successfully loaded.
ℹ Check qrels path: test-input/qrels_sample_valid.txt
✓ Qrels path is valid.
ℹ Load qrels with ir-measures.
✓ Qrels successfully loaded.
ℹ Check topics path: baz
	✗ Topics path does not exist.
✗ Topics path is invalid: 1 error


####
files: []
