ℹ Check run path: test-input
	✗ Run path is not a file.
✗ Run path is invalid: 1 error


####
files: []
