ℹ Check run path: test-input/run_sample_valid.txt
✓ Run path is valid.
ℹ Check run file format.
✓ Run file format is valid.
ℹ Load run with ir-measures.
✓ Run successfully loaded.
ℹ Check qrels path: test-input/qrels_sample_valid.txt
✓ Qrels path is valid.
ℹ Load qrels with ir-measures.
✓ Qrels successfully loaded.
ℹ Check topics path: test-input/topics_sample_warning_qid_not_in_run.jsonl
✓ Topics path is valid.
ℹ Load topics.
✓ Topics successfully loaded.
ℹ Check run, qrels, and topics consistency.
	⚠ Query IDs of topics file not found in run file: 2 
	⚠ Query IDs of topics file not found in qrels file: 2 
⚠ Run, qrels, and topics are inconsistent: 2 warnings


####
files: []
