ℹ Check run path: test-input/run_sample_valid.txt
✓ Run path is valid.
ℹ Check run file format.
✓ Run file format is valid.
ℹ Load run with ir-measures.
✓ Run successfully loaded.
ℹ Check qrels path: test-input/empty_file.txt
	✗ Qrels file is empty.
✗ Qrels path is invalid: 1 error


####
files: []
