ℹ Check run path: test-input/run_sample_invalid_less_columns.txt
✓ Run path is valid.
ℹ Check run file format.
	✗ Fewer then 6 columns at lines: 2 
✗ Run file format is invalid: 1 errors


####
files: []
